// Jest Snapshot v1, https://goo.gl/fbAQLP

exports[`Modal Wrapper Layout renders correctly 1`] = `null`;
