// Jest Snapshot v1, https://goo.gl/fbAQLP

exports[`Private Route Wrapper renders correctly 1`] = `
<div>
  Test Component
</div>
`;
