// Jest Snapshot v1, https://goo.gl/fbAQLP

exports[`Product Layout renders correctly 1`] = `
<div>
  <h1>
    Item
  </h1>
</div>
`;
