// Jest Snapshot v1, https://goo.gl/fbAQLP

exports[`AddToCart Button renders correctly 1`] = `
<div
  className="sc-bxivhb bqNnwj checkoutWrapper"
>
  <div
    className="sc-ifAKCX etLTSi buttonWrapper"
  >
    <div
      className="sc-EHOje gyVRIK addToCart__total"
      data-testid="total"
    >
      0
    </div>
    <button
      className="sc-htpNat sc-bZQynM dgJtvg"
      color="#18C3C3"
      data-testid="addToCart"
      disabled={true}
      onClick={[Function]}
    >
      I want this
    </button>
  </div>
</div>
`;
